s1 = ABCDEFGHIJKLMNOPQRSTUVWXYZ
s1 = ABCDEFGHIJKLMNOPQRSTUVWXYZ
s2 = abcdefghijklmnopqrstuvwxyz
n = 26
